nohup: ignoring input
2026-04-12 14:51:36,576 | INFO | gadir_seed_validation | Starting multi-seed validation | config=configs/experiment/roberta_gadi_r_aliyun_a10_query_only.yaml | seeds=[11, 42, 123, 3407, 2026] | experiment_type=roberta-base_MRPC_GADI-R多随机种子验证_A10_query_only
2026-04-12 14:51:36,584 | INFO | gadir_seed_validation | Reference baselines | LoRA=0.781863 | LoRA-GA=0.811275
2026-04-12 14:51:36,586 | INFO | gadir_seed_validation | Running GADI-R fixed-config seed=11
2026-04-12 14:51:36,607 | INFO | trainer | Preparing run | method=gadi_r | seed=11 | model=roberta-base | dataset=glue/mrpc
2026-04-12 14:51:36,607 | INFO | trainer | Loading model and tokenizer...
2026-04-12 14:51:37,269 | INFO | httpx | HTTP Request: HEAD https://hf-mirror.com/roberta-base/resolve/main/config.json "HTTP/1.1 200 OK"
2026-04-12 14:51:37,611 | INFO | httpx | HTTP Request: HEAD https://hf-mirror.com/roberta-base/resolve/main/tokenizer_config.json "HTTP/1.1 200 OK"
2026-04-12 14:51:37,773 | INFO | httpx | HTTP Request: GET https://hf-mirror.com/api/models/roberta-base/tree/main/additional_chat_templates?recursive=false&expand=false "HTTP/1.1 307 Temporary Redirect"
2026-04-12 14:51:37,917 | INFO | httpx | HTTP Request: GET https://hf-mirror.com/api/models/FacebookAI/roberta-base/tree/main/additional_chat_templates?recursive=false&expand=false "HTTP/1.1 404 Not Found"
2026-04-12 14:51:38,073 | INFO | httpx | HTTP Request: GET https://hf-mirror.com/api/models/roberta-base/tree/main?recursive=true&expand=false "HTTP/1.1 307 Temporary Redirect"
2026-04-12 14:51:38,207 | INFO | httpx | HTTP Request: GET https://hf-mirror.com/api/models/FacebookAI/roberta-base/tree/main?recursive=true&expand=false "HTTP/1.1 200 OK"
2026-04-12 14:51:38,765 | INFO | httpx | HTTP Request: HEAD https://hf-mirror.com/roberta-base/resolve/main/config.json "HTTP/1.1 200 OK"
2026-04-12 14:51:39,110 | INFO | httpx | HTTP Request: HEAD https://hf-mirror.com/roberta-base/resolve/main/config.json "HTTP/1.1 200 OK"
Loading weights:   0%|                                                                                                                            | 0/197 [00:00<?, ?it/s]Loading weights: 100%|████████████████████████████████████████████████████████████████████████████████████████████████████████████████| 197/197 [00:00<00:00, 8569.21it/s]
[1mRobertaForSequenceClassification LOAD REPORT[0m from: roberta-base
Key                             | Status     | 
--------------------------------+------------+-
roberta.embeddings.position_ids | UNEXPECTED | 
lm_head.dense.bias              | UNEXPECTED | 
lm_head.bias                    | UNEXPECTED | 
lm_head.layer_norm.weight       | UNEXPECTED | 
lm_head.dense.weight            | UNEXPECTED | 
lm_head.layer_norm.bias         | UNEXPECTED | 
classifier.out_proj.weight      | MISSING    | 
classifier.dense.weight         | MISSING    | 
classifier.out_proj.bias        | MISSING    | 
classifier.dense.bias           | MISSING    | 

Notes:
- UNEXPECTED:	can be ignored when loading from different task/architecture; not ok if you expect identical arch.
- MISSING:	those params were newly initialized because missing from the checkpoint. Consider training on your downstream task.
2026-04-12 14:51:39,202 | INFO | trainer | Loaded model. Building datasets and dataloaders...
2026-04-12 14:51:39,839 | INFO | httpx | HTTP Request: HEAD https://hf-mirror.com/datasets/glue/resolve/main/README.md "HTTP/1.1 307 Temporary Redirect"
2026-04-12 14:51:40,139 | INFO | httpx | HTTP Request: HEAD https://hf-mirror.com/datasets/nyu-mll/glue/resolve/main/README.md "HTTP/1.1 307 Temporary Redirect"
2026-04-12 14:51:40,290 | INFO | httpx | HTTP Request: HEAD https://hf-mirror.com/api/resolve-cache/datasets/nyu-mll/glue/bcdcba79d07bc864c1c254ccfcedcce55bcc9a8c/README.md "HTTP/1.1 200 OK"
2026-04-12 14:51:40,567 | INFO | httpx | HTTP Request: HEAD https://hf-mirror.com/datasets/glue/resolve/bcdcba79d07bc864c1c254ccfcedcce55bcc9a8c/glue.py "HTTP/1.1 307 Temporary Redirect"
2026-04-12 14:51:41,199 | INFO | httpx | HTTP Request: HEAD https://hf-mirror.com/datasets/nyu-mll/glue/resolve/bcdcba79d07bc864c1c254ccfcedcce55bcc9a8c/glue.py "HTTP/1.1 404 Not Found"
Warning: You are sending unauthenticated requests to the HF Hub. Please set a HF_TOKEN to enable higher rate limits and faster downloads.
2026-04-12 14:51:41,199 | WARNING | huggingface_hub.utils._http | Warning: You are sending unauthenticated requests to the HF Hub. Please set a HF_TOKEN to enable higher rate limits and faster downloads.
2026-04-12 14:51:42,286 | INFO | httpx | HTTP Request: HEAD https://s3.amazonaws.com/datasets.huggingface.co/datasets/datasets/glue/glue.py "HTTP/1.1 200 OK"
2026-04-12 14:51:42,426 | INFO | httpx | HTTP Request: GET https://hf-mirror.com/api/datasets/glue/revision/bcdcba79d07bc864c1c254ccfcedcce55bcc9a8c "HTTP/1.1 307 Temporary Redirect"
2026-04-12 14:51:42,549 | INFO | httpx | HTTP Request: GET https://hf-mirror.com/api/datasets/nyu-mll/glue/revision/bcdcba79d07bc864c1c254ccfcedcce55bcc9a8c "HTTP/1.1 200 OK"
2026-04-12 14:51:42,839 | INFO | httpx | HTTP Request: HEAD https://hf-mirror.com/datasets/glue/resolve/bcdcba79d07bc864c1c254ccfcedcce55bcc9a8c/.huggingface.yaml "HTTP/1.1 307 Temporary Redirect"
2026-04-12 14:51:43,128 | INFO | httpx | HTTP Request: HEAD https://hf-mirror.com/datasets/nyu-mll/glue/resolve/bcdcba79d07bc864c1c254ccfcedcce55bcc9a8c/.huggingface.yaml "HTTP/1.1 404 Not Found"
2026-04-12 14:51:43,730 | INFO | httpx | HTTP Request: GET https://hf-mirror.com/api/datasets/glue/tree/bcdcba79d07bc864c1c254ccfcedcce55bcc9a8c/ax?recursive=true&expand=false "HTTP/1.1 307 Temporary Redirect"
2026-04-12 14:51:43,852 | INFO | httpx | HTTP Request: GET https://hf-mirror.com/api/datasets/nyu-mll/glue/tree/bcdcba79d07bc864c1c254ccfcedcce55bcc9a8c/ax?recursive=true&expand=false "HTTP/1.1 200 OK"
2026-04-12 14:51:43,978 | INFO | httpx | HTTP Request: GET https://hf-mirror.com/api/datasets/glue/tree/bcdcba79d07bc864c1c254ccfcedcce55bcc9a8c?recursive=false&expand=false "HTTP/1.1 307 Temporary Redirect"
2026-04-12 14:51:44,082 | INFO | httpx | HTTP Request: GET https://hf-mirror.com/api/datasets/nyu-mll/glue/tree/bcdcba79d07bc864c1c254ccfcedcce55bcc9a8c?recursive=false&expand=false "HTTP/1.1 200 OK"
2026-04-12 14:51:44,341 | INFO | httpx | HTTP Request: HEAD https://hf-mirror.com/datasets/glue/resolve/bcdcba79d07bc864c1c254ccfcedcce55bcc9a8c/dataset_infos.json "HTTP/1.1 307 Temporary Redirect"
2026-04-12 14:51:44,643 | INFO | httpx | HTTP Request: HEAD https://hf-mirror.com/datasets/nyu-mll/glue/resolve/bcdcba79d07bc864c1c254ccfcedcce55bcc9a8c/dataset_infos.json "HTTP/1.1 404 Not Found"
2026-04-12 14:51:44,784 | INFO | httpx | HTTP Request: GET https://hf-mirror.com/api/datasets/glue/tree/bcdcba79d07bc864c1c254ccfcedcce55bcc9a8c/mrpc?recursive=true&expand=false "HTTP/1.1 307 Temporary Redirect"
2026-04-12 14:51:44,941 | INFO | httpx | HTTP Request: GET https://hf-mirror.com/api/datasets/nyu-mll/glue/tree/bcdcba79d07bc864c1c254ccfcedcce55bcc9a8c/mrpc?recursive=true&expand=false "HTTP/1.1 200 OK"
2026-04-12 14:51:46,182 | INFO | trainer | Data ready | train_batches=230 | eval_batches=7 | calibration_batches=2
trainable params: 887,042 || all params: 125,534,212 || trainable%: 0.7066
2026-04-12 14:51:46,379 | INFO | trainer | Model wrapped with method=gadi_r and moved to device=cuda.
/usr/local/lib/python3.11/site-packages/torch/backends/__init__.py:46: UserWarning: Please use the new API settings to control TF32 behavior, such as torch.backends.cudnn.conv.fp32_precision = 'tf32' or torch.backends.cuda.matmul.fp32_precision = 'ieee'. Old settings, e.g, torch.backends.cuda.matmul.allow_tf32 = True, torch.backends.cudnn.allow_tf32 = True, allowTF32CuDNN() and allowTF32CuBLAS() will be deprecated after Pytorch 2.9. Please see https://pytorch.org/docs/main/notes/cuda.html#tensorfloat-32-tf32-on-ampere-and-later-devices (Triggered internally at /pytorch/aten/src/ATen/Context.cpp:80.)
  self.setter(val)
2026-04-12 14:51:46,379 | INFO | trainer | Precision setup | amp_enabled=True | amp_dtype=torch.bfloat16 | allow_tf32=True
2026-04-12 14:51:46,384 | INFO | trainer | Cached 2 calibration batches in host memory.
2026-04-12 14:51:46,384 | INFO | trainer | Initializing method-specific state...
2026-04-12 14:51:46,384 | INFO | GADIRMethod | LoRA-GA initialization started | calibration_batches=1
2026-04-12 14:51:46,386 | INFO | gradient_collector | Collecting gradients | batches=1 | mode=train | lora_layers=24
`use_return_dict` is deprecated! Use `return_dict` instead!
2026-04-12 14:51:46,628 | INFO | gradient_collector | Gradient collection progress | batch=1/1 | loss=0.7190
2026-04-12 14:51:46,631 | INFO | gradient_collector | Finished gradient collection for 24 layers.
2026-04-12 14:51:46,632 | INFO | GADIRMethod | LoRA-GA initialization collected gradients for 24 layers. Building low-rank factors...
2026-04-12 14:51:46,709 | INFO | GADIRMethod | LoRA-GA initialization progress | updated_layers=1 | latest_layer=base_model.model.roberta.encoder.layer.0.attention.self.query
2026-04-12 14:51:46,913 | INFO | GADIRMethod | LoRA-GA initialization progress | updated_layers=4 | latest_layer=base_model.model.roberta.encoder.layer.1.attention.self.value
2026-04-12 14:51:47,166 | INFO | GADIRMethod | LoRA-GA initialization progress | updated_layers=8 | latest_layer=base_model.model.roberta.encoder.layer.3.attention.self.value
2026-04-12 14:51:47,420 | INFO | GADIRMethod | LoRA-GA initialization progress | updated_layers=12 | latest_layer=base_model.model.roberta.encoder.layer.5.attention.self.value
2026-04-12 14:51:47,675 | INFO | GADIRMethod | LoRA-GA initialization progress | updated_layers=16 | latest_layer=base_model.model.roberta.encoder.layer.7.attention.self.value
2026-04-12 14:51:47,929 | INFO | GADIRMethod | LoRA-GA initialization progress | updated_layers=20 | latest_layer=base_model.model.roberta.encoder.layer.9.attention.self.value
2026-04-12 14:51:48,241 | INFO | GADIRMethod | LoRA-GA initialization progress | updated_layers=24 | latest_layer=base_model.model.roberta.encoder.layer.11.attention.self.value
2026-04-12 14:51:48,241 | INFO | GADIRMethod | LoRA-GA initialization refreshed 24 LoRA layers.
2026-04-12 14:51:48,241 | INFO | trainer | Initialization finished in 1.86 seconds.
2026-04-12 14:51:48,243 | INFO | trainer | Starting training for 230 optimizer steps on device=cuda.
2026-04-12 14:51:48,410 | INFO | trainer | heartbeat step=1/230 | latest_loss=0.6416 | elapsed=0.2s
2026-04-12 14:51:48,704 | INFO | trainer | step=10/230 | train_loss=0.6586
2026-04-12 14:51:49,017 | INFO | trainer | step=20/230 | train_loss=0.6176
2026-04-12 14:51:49,328 | INFO | trainer | step=30/230 | train_loss=0.6522
2026-04-12 14:51:49,634 | INFO | trainer | step=40/230 | train_loss=0.6653
2026-04-12 14:51:49,634 | INFO | trainer | Starting evaluation at step=40...
2026-04-12 14:51:49,969 | INFO | trainer | Completed evaluation at step=40 | eval={'loss': 0.6270750036426619, 'accuracy': 0.6838235294117647}
2026-04-12 14:51:50,280 | INFO | trainer | step=50/230 | train_loss=0.5926
2026-04-12 14:51:50,578 | INFO | trainer | step=60/230 | train_loss=0.6340
2026-04-12 14:51:50,879 | INFO | trainer | step=70/230 | train_loss=0.6373
2026-04-12 14:51:51,178 | INFO | trainer | step=80/230 | train_loss=0.5995
2026-04-12 14:51:51,178 | INFO | trainer | Starting evaluation at step=80...
2026-04-12 14:51:51,512 | INFO | trainer | Completed evaluation at step=80 | eval={'loss': 0.6072229030085545, 'accuracy': 0.6838235294117647}
2026-04-12 14:51:51,812 | INFO | trainer | step=90/230 | train_loss=0.5713
2026-04-12 14:51:52,112 | INFO | trainer | step=100/230 | train_loss=0.5959
2026-04-12 14:51:52,426 | INFO | trainer | step=110/230 | train_loss=0.6445
2026-04-12 14:51:52,727 | INFO | DynamicRebaser | GADI-R drift check triggered at step=120 | calibration_batches=4
2026-04-12 14:51:52,729 | INFO | gradient_collector | Collecting gradients | batches=4 | mode=eval | lora_layers=24
2026-04-12 14:51:52,758 | INFO | gradient_collector | Gradient collection progress | batch=1/4 | loss=0.6471
2026-04-12 14:51:52,786 | INFO | gradient_collector | Gradient collection progress | batch=2/4 | loss=0.6373
2026-04-12 14:51:52,814 | INFO | gradient_collector | Gradient collection progress | batch=3/4 | loss=0.6471
2026-04-12 14:51:52,842 | INFO | gradient_collector | Gradient collection progress | batch=4/4 | loss=0.6373
2026-04-12 14:51:52,846 | INFO | gradient_collector | Finished gradient collection for 24 layers.
2026-04-12 14:51:52,889 | INFO | DynamicRebaser | GADI-R drift summary at step=120 | max_score=0.7421 | threshold=0.0300
2026-04-12 14:51:52,889 | INFO | DynamicRebaser | GADI-R selected layers at step=120: base_model.model.roberta.encoder.layer.0.attention.self.query, base_model.model.roberta.encoder.layer.1.attention.self.query
2026-04-12 14:51:53,068 | INFO | DynamicRebaser | GADI-R re-based 2 layers at step 120 (count=1): base_model.model.roberta.encoder.layer.0.attention.self.query, base_model.model.roberta.encoder.layer.1.attention.self.query
2026-04-12 14:51:53,068 | INFO | trainer | step=120/230 | train_loss=0.6223
2026-04-12 14:51:53,068 | INFO | trainer | Starting evaluation at step=120...
2026-04-12 14:51:53,400 | INFO | trainer | Completed evaluation at step=120 | eval={'loss': 0.5769454719973546, 'accuracy': 0.7107843137254902}
2026-04-12 14:51:53,697 | INFO | trainer | step=130/230 | train_loss=0.6171
2026-04-12 14:51:53,993 | INFO | trainer | step=140/230 | train_loss=0.5581
2026-04-12 14:51:54,296 | INFO | trainer | step=150/230 | train_loss=0.5665
2026-04-12 14:51:54,604 | INFO | trainer | step=160/230 | train_loss=0.5401
2026-04-12 14:51:54,604 | INFO | trainer | Starting evaluation at step=160...
2026-04-12 14:51:54,937 | INFO | trainer | Completed evaluation at step=160 | eval={'loss': 0.471467711761886, 'accuracy': 0.7745098039215687}
2026-04-12 14:51:55,239 | INFO | trainer | step=170/230 | train_loss=0.4879
2026-04-12 14:51:55,542 | INFO | trainer | step=180/230 | train_loss=0.5389
2026-04-12 14:51:55,841 | INFO | trainer | step=190/230 | train_loss=0.4818
2026-04-12 14:51:56,135 | INFO | trainer | step=200/230 | train_loss=0.4246
2026-04-12 14:51:56,135 | INFO | trainer | Starting evaluation at step=200...
2026-04-12 14:51:56,469 | INFO | trainer | Completed evaluation at step=200 | eval={'loss': 0.4139635679768581, 'accuracy': 0.8088235294117647}
2026-04-12 14:51:56,766 | INFO | trainer | step=210/230 | train_loss=0.4840
2026-04-12 14:51:57,069 | INFO | trainer | step=220/230 | train_loss=0.4027
2026-04-12 14:51:57,369 | INFO | trainer | step=230/230 | train_loss=0.4382
2026-04-12 14:51:57,369 | INFO | trainer | Starting final evaluation...
2026-04-12 14:51:57,703 | INFO | trainer | final_eval={'loss': 0.39458783058559194, 'accuracy': 0.8382352941176471}
2026-04-12 14:51:57,704 | INFO | trainer | Saving model artifacts to /mnt/workspace/GADI/results/2026-04-12/roberta-base_MRPC_GADI-R多随机种子验证_A10_query_only/gadi_seed_11_145136/模型权重...
2026-04-12 14:51:58,186 | INFO | httpx | HTTP Request: HEAD https://hf-mirror.com/roberta-base/resolve/main/config.json "HTTP/1.1 200 OK"
2026-04-12 14:51:58,596 | INFO | httpx | HTTP Request: HEAD https://hf-mirror.com/roberta-base/resolve/main/config.json "HTTP/1.1 200 OK"
2026-04-12 14:51:58,627 | INFO | trainer | Saved model artifacts to /mnt/workspace/GADI/results/2026-04-12/roberta-base_MRPC_GADI-R多随机种子验证_A10_query_only/gadi_seed_11_145136/模型权重
2026-04-12 14:51:58,639 | INFO | gadir_seed_validation | Finished seed=11 | reused=False | final_accuracy=0.838235 | final_loss=0.394588
2026-04-12 14:51:58,642 | INFO | gadir_seed_validation | Running GADI-R fixed-config seed=42
2026-04-12 14:51:58,644 | INFO | trainer | Preparing run | method=gadi_r | seed=42 | model=roberta-base | dataset=glue/mrpc
2026-04-12 14:51:58,644 | INFO | trainer | Loading model and tokenizer...
2026-04-12 14:51:58,924 | INFO | httpx | HTTP Request: HEAD https://hf-mirror.com/roberta-base/resolve/main/config.json "HTTP/1.1 200 OK"
2026-04-12 14:51:59,251 | INFO | httpx | HTTP Request: HEAD https://hf-mirror.com/roberta-base/resolve/main/tokenizer_config.json "HTTP/1.1 200 OK"
2026-04-12 14:51:59,390 | INFO | httpx | HTTP Request: GET https://hf-mirror.com/api/models/roberta-base/tree/main/additional_chat_templates?recursive=false&expand=false "HTTP/1.1 307 Temporary Redirect"
2026-04-12 14:51:59,549 | INFO | httpx | HTTP Request: GET https://hf-mirror.com/api/models/FacebookAI/roberta-base/tree/main/additional_chat_templates?recursive=false&expand=false "HTTP/1.1 404 Not Found"
2026-04-12 14:51:59,691 | INFO | httpx | HTTP Request: GET https://hf-mirror.com/api/models/roberta-base/tree/main?recursive=true&expand=false "HTTP/1.1 307 Temporary Redirect"
2026-04-12 14:51:59,810 | INFO | httpx | HTTP Request: GET https://hf-mirror.com/api/models/FacebookAI/roberta-base/tree/main?recursive=true&expand=false "HTTP/1.1 200 OK"
2026-04-12 14:52:00,728 | INFO | httpx | HTTP Request: HEAD https://hf-mirror.com/roberta-base/resolve/main/config.json "HTTP/1.1 200 OK"
2026-04-12 14:52:01,073 | INFO | httpx | HTTP Request: HEAD https://hf-mirror.com/roberta-base/resolve/main/config.json "HTTP/1.1 200 OK"
Loading weights:   0%|                                                                                                                            | 0/197 [00:00<?, ?it/s]Loading weights: 100%|████████████████████████████████████████████████████████████████████████████████████████████████████████████████| 197/197 [00:00<00:00, 9221.65it/s]
[1mRobertaForSequenceClassification LOAD REPORT[0m from: roberta-base
Key                             | Status     | 
--------------------------------+------------+-
roberta.embeddings.position_ids | UNEXPECTED | 
lm_head.dense.bias              | UNEXPECTED | 
lm_head.bias                    | UNEXPECTED | 
lm_head.layer_norm.weight       | UNEXPECTED | 
lm_head.dense.weight            | UNEXPECTED | 
lm_head.layer_norm.bias         | UNEXPECTED | 
classifier.out_proj.weight      | MISSING    | 
classifier.dense.weight         | MISSING    | 
classifier.out_proj.bias        | MISSING    | 
classifier.dense.bias           | MISSING    | 

Notes:
- UNEXPECTED:	can be ignored when loading from different task/architecture; not ok if you expect identical arch.
- MISSING:	those params were newly initialized because missing from the checkpoint. Consider training on your downstream task.
2026-04-12 14:52:01,137 | INFO | trainer | Loaded model. Building datasets and dataloaders...
2026-04-12 14:52:01,481 | INFO | httpx | HTTP Request: HEAD https://hf-mirror.com/datasets/glue/resolve/main/README.md "HTTP/1.1 307 Temporary Redirect"
2026-04-12 14:52:01,780 | INFO | httpx | HTTP Request: HEAD https://hf-mirror.com/datasets/nyu-mll/glue/resolve/main/README.md "HTTP/1.1 307 Temporary Redirect"
2026-04-12 14:52:01,898 | INFO | httpx | HTTP Request: HEAD https://hf-mirror.com/api/resolve-cache/datasets/nyu-mll/glue/bcdcba79d07bc864c1c254ccfcedcce55bcc9a8c/README.md "HTTP/1.1 200 OK"
2026-04-12 14:52:02,544 | INFO | httpx | HTTP Request: HEAD https://hf-mirror.com/datasets/glue/resolve/bcdcba79d07bc864c1c254ccfcedcce55bcc9a8c/glue.py "HTTP/1.1 307 Temporary Redirect"
2026-04-12 14:52:02,877 | INFO | httpx | HTTP Request: HEAD https://hf-mirror.com/datasets/nyu-mll/glue/resolve/bcdcba79d07bc864c1c254ccfcedcce55bcc9a8c/glue.py "HTTP/1.1 404 Not Found"
2026-04-12 14:52:03,614 | INFO | httpx | HTTP Request: HEAD https://s3.amazonaws.com/datasets.huggingface.co/datasets/datasets/glue/glue.py "HTTP/1.1 200 OK"
2026-04-12 14:52:03,993 | INFO | httpx | HTTP Request: HEAD https://hf-mirror.com/datasets/glue/resolve/bcdcba79d07bc864c1c254ccfcedcce55bcc9a8c/.huggingface.yaml "HTTP/1.1 307 Temporary Redirect"
2026-04-12 14:52:04,353 | INFO | httpx | HTTP Request: HEAD https://hf-mirror.com/datasets/nyu-mll/glue/resolve/bcdcba79d07bc864c1c254ccfcedcce55bcc9a8c/.huggingface.yaml "HTTP/1.1 404 Not Found"
2026-04-12 14:52:05,247 | INFO | httpx | HTTP Request: HEAD https://hf-mirror.com/datasets/glue/resolve/bcdcba79d07bc864c1c254ccfcedcce55bcc9a8c/dataset_infos.json "HTTP/1.1 307 Temporary Redirect"
2026-04-12 14:52:05,589 | INFO | httpx | HTTP Request: HEAD https://hf-mirror.com/datasets/nyu-mll/glue/resolve/bcdcba79d07bc864c1c254ccfcedcce55bcc9a8c/dataset_infos.json "HTTP/1.1 404 Not Found"
2026-04-12 14:52:06,845 | INFO | trainer | Data ready | train_batches=230 | eval_batches=7 | calibration_batches=2
trainable params: 887,042 || all params: 125,534,212 || trainable%: 0.7066
2026-04-12 14:52:06,958 | INFO | trainer | Model wrapped with method=gadi_r and moved to device=cuda.
2026-04-12 14:52:06,958 | INFO | trainer | Precision setup | amp_enabled=True | amp_dtype=torch.bfloat16 | allow_tf32=True
2026-04-12 14:52:06,962 | INFO | trainer | Cached 2 calibration batches in host memory.
2026-04-12 14:52:06,962 | INFO | trainer | Initializing method-specific state...
2026-04-12 14:52:06,962 | INFO | GADIRMethod | LoRA-GA initialization started | calibration_batches=1
2026-04-12 14:52:06,964 | INFO | gradient_collector | Collecting gradients | batches=1 | mode=train | lora_layers=24
2026-04-12 14:52:06,993 | INFO | gradient_collector | Gradient collection progress | batch=1/1 | loss=0.6810
2026-04-12 14:52:06,996 | INFO | gradient_collector | Finished gradient collection for 24 layers.
2026-04-12 14:52:06,996 | INFO | GADIRMethod | LoRA-GA initialization collected gradients for 24 layers. Building low-rank factors...
2026-04-12 14:52:07,064 | INFO | GADIRMethod | LoRA-GA initialization progress | updated_layers=1 | latest_layer=base_model.model.roberta.encoder.layer.0.attention.self.query
2026-04-12 14:52:07,268 | INFO | GADIRMethod | LoRA-GA initialization progress | updated_layers=4 | latest_layer=base_model.model.roberta.encoder.layer.1.attention.self.value
2026-04-12 14:52:07,519 | INFO | GADIRMethod | LoRA-GA initialization progress | updated_layers=8 | latest_layer=base_model.model.roberta.encoder.layer.3.attention.self.value
2026-04-12 14:52:07,774 | INFO | GADIRMethod | LoRA-GA initialization progress | updated_layers=12 | latest_layer=base_model.model.roberta.encoder.layer.5.attention.self.value
2026-04-12 14:52:08,027 | INFO | GADIRMethod | LoRA-GA initialization progress | updated_layers=16 | latest_layer=base_model.model.roberta.encoder.layer.7.attention.self.value
2026-04-12 14:52:08,282 | INFO | GADIRMethod | LoRA-GA initialization progress | updated_layers=20 | latest_layer=base_model.model.roberta.encoder.layer.9.attention.self.value
2026-04-12 14:52:08,586 | INFO | GADIRMethod | LoRA-GA initialization progress | updated_layers=24 | latest_layer=base_model.model.roberta.encoder.layer.11.attention.self.value
2026-04-12 14:52:08,587 | INFO | GADIRMethod | LoRA-GA initialization refreshed 24 LoRA layers.
2026-04-12 14:52:08,587 | INFO | trainer | Initialization finished in 1.62 seconds.
2026-04-12 14:52:08,588 | INFO | trainer | Starting training for 230 optimizer steps on device=cuda.
2026-04-12 14:52:08,621 | INFO | trainer | heartbeat step=1/230 | latest_loss=0.7271 | elapsed=0.0s
2026-04-12 14:52:08,903 | INFO | trainer | step=10/230 | train_loss=0.6947
2026-04-12 14:52:09,221 | INFO | trainer | step=20/230 | train_loss=0.6263
2026-04-12 14:52:09,531 | INFO | trainer | step=30/230 | train_loss=0.6397
2026-04-12 14:52:09,845 | INFO | trainer | step=40/230 | train_loss=0.5900
2026-04-12 14:52:09,845 | INFO | trainer | Starting evaluation at step=40...
2026-04-12 14:52:10,178 | INFO | trainer | Completed evaluation at step=40 | eval={'loss': 0.6224068298059351, 'accuracy': 0.6838235294117647}
2026-04-12 14:52:10,479 | INFO | trainer | step=50/230 | train_loss=0.6439
2026-04-12 14:52:10,779 | INFO | trainer | step=60/230 | train_loss=0.6627
2026-04-12 14:52:11,079 | INFO | trainer | step=70/230 | train_loss=0.6292
2026-04-12 14:52:11,376 | INFO | trainer | step=80/230 | train_loss=0.5697
2026-04-12 14:52:11,376 | INFO | trainer | Starting evaluation at step=80...
2026-04-12 14:52:11,706 | INFO | trainer | Completed evaluation at step=80 | eval={'loss': 0.6150393819107729, 'accuracy': 0.6838235294117647}
2026-04-12 14:52:12,001 | INFO | trainer | step=90/230 | train_loss=0.6097
2026-04-12 14:52:12,301 | INFO | trainer | step=100/230 | train_loss=0.6296
2026-04-12 14:52:12,595 | INFO | trainer | step=110/230 | train_loss=0.5424
2026-04-12 14:52:12,893 | INFO | DynamicRebaser | GADI-R drift check triggered at step=120 | calibration_batches=4
2026-04-12 14:52:12,895 | INFO | gradient_collector | Collecting gradients | batches=4 | mode=eval | lora_layers=24
2026-04-12 14:52:12,923 | INFO | gradient_collector | Gradient collection progress | batch=1/4 | loss=0.6820
2026-04-12 14:52:12,950 | INFO | gradient_collector | Gradient collection progress | batch=2/4 | loss=0.5728
2026-04-12 14:52:12,977 | INFO | gradient_collector | Gradient collection progress | batch=3/4 | loss=0.6820
2026-04-12 14:52:13,005 | INFO | gradient_collector | Gradient collection progress | batch=4/4 | loss=0.5728
2026-04-12 14:52:13,008 | INFO | gradient_collector | Finished gradient collection for 24 layers.
2026-04-12 14:52:13,029 | INFO | DynamicRebaser | GADI-R drift summary at step=120 | max_score=0.8021 | threshold=0.0300
2026-04-12 14:52:13,029 | INFO | DynamicRebaser | GADI-R selected layers at step=120: base_model.model.roberta.encoder.layer.0.attention.self.query, base_model.model.roberta.encoder.layer.1.attention.self.query
2026-04-12 14:52:13,205 | INFO | DynamicRebaser | GADI-R re-based 2 layers at step 120 (count=1): base_model.model.roberta.encoder.layer.0.attention.self.query, base_model.model.roberta.encoder.layer.1.attention.self.query
2026-04-12 14:52:13,205 | INFO | trainer | step=120/230 | train_loss=0.5382
2026-04-12 14:52:13,205 | INFO | trainer | Starting evaluation at step=120...
2026-04-12 14:52:13,540 | INFO | trainer | Completed evaluation at step=120 | eval={'loss': 0.4985327270685458, 'accuracy': 0.7156862745098039}
2026-04-12 14:52:13,853 | INFO | trainer | step=130/230 | train_loss=0.4725
2026-04-12 14:52:14,148 | INFO | trainer | step=140/230 | train_loss=0.4992
2026-04-12 14:52:14,459 | INFO | trainer | step=150/230 | train_loss=0.4452
2026-04-12 14:52:14,769 | INFO | trainer | step=160/230 | train_loss=0.4797
2026-04-12 14:52:14,769 | INFO | trainer | Starting evaluation at step=160...
2026-04-12 14:52:15,104 | INFO | trainer | Completed evaluation at step=160 | eval={'loss': 0.471517427294862, 'accuracy': 0.7450980392156863}
2026-04-12 14:52:15,402 | INFO | trainer | step=170/230 | train_loss=0.4428
2026-04-12 14:52:15,709 | INFO | trainer | step=180/230 | train_loss=0.5334
2026-04-12 14:52:16,014 | INFO | trainer | step=190/230 | train_loss=0.5117
2026-04-12 14:52:16,312 | INFO | trainer | step=200/230 | train_loss=0.4350
2026-04-12 14:52:16,312 | INFO | trainer | Starting evaluation at step=200...
2026-04-12 14:52:16,653 | INFO | trainer | Completed evaluation at step=200 | eval={'loss': 0.42094934337279377, 'accuracy': 0.7941176470588235}
2026-04-12 14:52:16,949 | INFO | trainer | step=210/230 | train_loss=0.4129
2026-04-12 14:52:17,248 | INFO | trainer | step=220/230 | train_loss=0.4555
2026-04-12 14:52:17,542 | INFO | trainer | step=230/230 | train_loss=0.4155
2026-04-12 14:52:17,542 | INFO | trainer | Starting final evaluation...
2026-04-12 14:52:17,877 | INFO | trainer | final_eval={'loss': 0.3690000611777399, 'accuracy': 0.8357843137254902}
2026-04-12 14:52:17,877 | INFO | trainer | Saving model artifacts to /mnt/workspace/GADI/results/2026-04-12/roberta-base_MRPC_GADI-R多随机种子验证_A10_query_only/gadi_seed_42_145158/模型权重...
2026-04-12 14:52:24,975 | INFO | httpx | HTTP Request: HEAD https://hf-mirror.com/roberta-base/resolve/main/config.json "HTTP/1.1 200 OK"
2026-04-12 14:52:26,688 | INFO | httpx | HTTP Request: HEAD https://hf-mirror.com/roberta-base/resolve/main/config.json "HTTP/1.1 200 OK"
2026-04-12 14:52:26,718 | INFO | trainer | Saved model artifacts to /mnt/workspace/GADI/results/2026-04-12/roberta-base_MRPC_GADI-R多随机种子验证_A10_query_only/gadi_seed_42_145158/模型权重
2026-04-12 14:52:26,731 | INFO | gadir_seed_validation | Finished seed=42 | reused=False | final_accuracy=0.835784 | final_loss=0.369000
2026-04-12 14:52:26,733 | INFO | gadir_seed_validation | Running GADI-R fixed-config seed=123
2026-04-12 14:52:26,736 | INFO | trainer | Preparing run | method=gadi_r | seed=123 | model=roberta-base | dataset=glue/mrpc
2026-04-12 14:52:26,736 | INFO | trainer | Loading model and tokenizer...
2026-04-12 14:52:27,835 | INFO | httpx | HTTP Request: HEAD https://hf-mirror.com/roberta-base/resolve/main/config.json "HTTP/1.1 200 OK"
2026-04-12 14:52:29,247 | INFO | httpx | HTTP Request: HEAD https://hf-mirror.com/roberta-base/resolve/main/tokenizer_config.json "HTTP/1.1 200 OK"
2026-04-12 14:52:30,641 | INFO | httpx | HTTP Request: GET https://hf-mirror.com/api/models/roberta-base/tree/main/additional_chat_templates?recursive=false&expand=false "HTTP/1.1 307 Temporary Redirect"
2026-04-12 14:52:32,074 | INFO | httpx | HTTP Request: GET https://hf-mirror.com/api/models/FacebookAI/roberta-base/tree/main/additional_chat_templates?recursive=false&expand=false "HTTP/1.1 404 Not Found"
2026-04-12 14:52:36,985 | INFO | httpx | HTTP Request: GET https://hf-mirror.com/api/models/roberta-base/tree/main?recursive=true&expand=false "HTTP/1.1 307 Temporary Redirect"
2026-04-12 14:52:38,150 | INFO | httpx | HTTP Request: GET https://hf-mirror.com/api/models/FacebookAI/roberta-base/tree/main?recursive=true&expand=false "HTTP/1.1 200 OK"
2026-04-12 14:52:40,402 | INFO | httpx | HTTP Request: HEAD https://hf-mirror.com/roberta-base/resolve/main/config.json "HTTP/1.1 200 OK"
2026-04-12 14:52:42,263 | INFO | httpx | HTTP Request: HEAD https://hf-mirror.com/roberta-base/resolve/main/config.json "HTTP/1.1 200 OK"
Loading weights:   0%|                                                                                                                            | 0/197 [00:00<?, ?it/s]Loading weights: 100%|████████████████████████████████████████████████████████████████████████████████████████████████████████████████| 197/197 [00:00<00:00, 8929.16it/s]
[1mRobertaForSequenceClassification LOAD REPORT[0m from: roberta-base
Key                             | Status     | 
--------------------------------+------------+-
roberta.embeddings.position_ids | UNEXPECTED | 
lm_head.dense.bias              | UNEXPECTED | 
lm_head.bias                    | UNEXPECTED | 
lm_head.layer_norm.weight       | UNEXPECTED | 
lm_head.dense.weight            | UNEXPECTED | 
lm_head.layer_norm.bias         | UNEXPECTED | 
classifier.out_proj.weight      | MISSING    | 
classifier.dense.weight         | MISSING    | 
classifier.out_proj.bias        | MISSING    | 
classifier.dense.bias           | MISSING    | 

Notes:
- UNEXPECTED:	can be ignored when loading from different task/architecture; not ok if you expect identical arch.
- MISSING:	those params were newly initialized because missing from the checkpoint. Consider training on your downstream task.
2026-04-12 14:52:42,326 | INFO | trainer | Loaded model. Building datasets and dataloaders...
2026-04-12 14:52:44,207 | INFO | httpx | HTTP Request: HEAD https://hf-mirror.com/datasets/glue/resolve/main/README.md "HTTP/1.1 307 Temporary Redirect"
2026-04-12 14:52:53,194 | INFO | httpx | HTTP Request: HEAD https://hf-mirror.com/datasets/nyu-mll/glue/resolve/main/README.md "HTTP/1.1 307 Temporary Redirect"
2026-04-12 14:52:54,443 | INFO | httpx | HTTP Request: HEAD https://hf-mirror.com/api/resolve-cache/datasets/nyu-mll/glue/bcdcba79d07bc864c1c254ccfcedcce55bcc9a8c/README.md "HTTP/1.1 200 OK"
2026-04-12 14:52:55,489 | INFO | httpx | HTTP Request: HEAD https://hf-mirror.com/datasets/glue/resolve/bcdcba79d07bc864c1c254ccfcedcce55bcc9a8c/glue.py "HTTP/1.1 307 Temporary Redirect"
2026-04-12 14:52:59,505 | INFO | httpx | HTTP Request: HEAD https://hf-mirror.com/datasets/nyu-mll/glue/resolve/bcdcba79d07bc864c1c254ccfcedcce55bcc9a8c/glue.py "HTTP/1.1 404 Not Found"
2026-04-12 14:53:00,233 | INFO | httpx | HTTP Request: HEAD https://s3.amazonaws.com/datasets.huggingface.co/datasets/datasets/glue/glue.py "HTTP/1.1 200 OK"
2026-04-12 14:53:01,466 | INFO | httpx | HTTP Request: HEAD https://hf-mirror.com/datasets/glue/resolve/bcdcba79d07bc864c1c254ccfcedcce55bcc9a8c/.huggingface.yaml "HTTP/1.1 307 Temporary Redirect"
2026-04-12 14:53:02,798 | INFO | httpx | HTTP Request: HEAD https://hf-mirror.com/datasets/nyu-mll/glue/resolve/bcdcba79d07bc864c1c254ccfcedcce55bcc9a8c/.huggingface.yaml "HTTP/1.1 404 Not Found"
2026-04-12 14:53:03,993 | INFO | httpx | HTTP Request: HEAD https://hf-mirror.com/datasets/glue/resolve/bcdcba79d07bc864c1c254ccfcedcce55bcc9a8c/dataset_infos.json "HTTP/1.1 307 Temporary Redirect"
2026-04-12 14:53:05,065 | INFO | httpx | HTTP Request: HEAD https://hf-mirror.com/datasets/nyu-mll/glue/resolve/bcdcba79d07bc864c1c254ccfcedcce55bcc9a8c/dataset_infos.json "HTTP/1.1 404 Not Found"
2026-04-12 14:53:06,320 | INFO | trainer | Data ready | train_batches=230 | eval_batches=7 | calibration_batches=2
trainable params: 887,042 || all params: 125,534,212 || trainable%: 0.7066
2026-04-12 14:53:06,431 | INFO | trainer | Model wrapped with method=gadi_r and moved to device=cuda.
2026-04-12 14:53:06,431 | INFO | trainer | Precision setup | amp_enabled=True | amp_dtype=torch.bfloat16 | allow_tf32=True
2026-04-12 14:53:06,435 | INFO | trainer | Cached 2 calibration batches in host memory.
2026-04-12 14:53:06,435 | INFO | trainer | Initializing method-specific state...
2026-04-12 14:53:06,435 | INFO | GADIRMethod | LoRA-GA initialization started | calibration_batches=1
2026-04-12 14:53:06,436 | INFO | gradient_collector | Collecting gradients | batches=1 | mode=train | lora_layers=24
2026-04-12 14:53:06,465 | INFO | gradient_collector | Gradient collection progress | batch=1/1 | loss=0.7310
2026-04-12 14:53:06,468 | INFO | gradient_collector | Finished gradient collection for 24 layers.
2026-04-12 14:53:06,469 | INFO | GADIRMethod | LoRA-GA initialization collected gradients for 24 layers. Building low-rank factors...
2026-04-12 14:53:06,538 | INFO | GADIRMethod | LoRA-GA initialization progress | updated_layers=1 | latest_layer=base_model.model.roberta.encoder.layer.0.attention.self.query
2026-04-12 14:53:06,759 | INFO | GADIRMethod | LoRA-GA initialization progress | updated_layers=4 | latest_layer=base_model.model.roberta.encoder.layer.1.attention.self.value
2026-04-12 14:53:07,010 | INFO | GADIRMethod | LoRA-GA initialization progress | updated_layers=8 | latest_layer=base_model.model.roberta.encoder.layer.3.attention.self.value
2026-04-12 14:53:07,259 | INFO | GADIRMethod | LoRA-GA initialization progress | updated_layers=12 | latest_layer=base_model.model.roberta.encoder.layer.5.attention.self.value
2026-04-12 14:53:07,513 | INFO | GADIRMethod | LoRA-GA initialization progress | updated_layers=16 | latest_layer=base_model.model.roberta.encoder.layer.7.attention.self.value
2026-04-12 14:53:07,766 | INFO | GADIRMethod | LoRA-GA initialization progress | updated_layers=20 | latest_layer=base_model.model.roberta.encoder.layer.9.attention.self.value
2026-04-12 14:53:08,068 | INFO | GADIRMethod | LoRA-GA initialization progress | updated_layers=24 | latest_layer=base_model.model.roberta.encoder.layer.11.attention.self.value
2026-04-12 14:53:08,069 | INFO | GADIRMethod | LoRA-GA initialization refreshed 24 LoRA layers.
2026-04-12 14:53:08,069 | INFO | trainer | Initialization finished in 1.63 seconds.
2026-04-12 14:53:08,070 | INFO | trainer | Starting training for 230 optimizer steps on device=cuda.
2026-04-12 14:53:08,104 | INFO | trainer | heartbeat step=1/230 | latest_loss=0.6615 | elapsed=0.0s
2026-04-12 14:53:08,401 | INFO | trainer | step=10/230 | train_loss=0.6466
2026-04-12 14:53:08,713 | INFO | trainer | step=20/230 | train_loss=0.6242
2026-04-12 14:53:09,025 | INFO | trainer | step=30/230 | train_loss=0.6336
2026-04-12 14:53:09,337 | INFO | trainer | step=40/230 | train_loss=0.6190
2026-04-12 14:53:09,337 | INFO | trainer | Starting evaluation at step=40...
2026-04-12 14:53:09,673 | INFO | trainer | Completed evaluation at step=40 | eval={'loss': 0.6209117922128415, 'accuracy': 0.6838235294117647}
2026-04-12 14:53:09,965 | INFO | trainer | step=50/230 | train_loss=0.6294
2026-04-12 14:53:10,266 | INFO | trainer | step=60/230 | train_loss=0.5983
2026-04-12 14:53:10,561 | INFO | trainer | step=70/230 | train_loss=0.6336
2026-04-12 14:53:10,860 | INFO | trainer | step=80/230 | train_loss=0.5793
2026-04-12 14:53:10,860 | INFO | trainer | Starting evaluation at step=80...
2026-04-12 14:53:11,197 | INFO | trainer | Completed evaluation at step=80 | eval={'loss': 0.6035674670163322, 'accuracy': 0.6838235294117647}
2026-04-12 14:53:11,502 | INFO | trainer | step=90/230 | train_loss=0.6975
2026-04-12 14:53:11,794 | INFO | trainer | step=100/230 | train_loss=0.6356
2026-04-12 14:53:12,090 | INFO | trainer | step=110/230 | train_loss=0.6286
2026-04-12 14:53:12,391 | INFO | DynamicRebaser | GADI-R drift check triggered at step=120 | calibration_batches=4
2026-04-12 14:53:12,392 | INFO | gradient_collector | Collecting gradients | batches=4 | mode=eval | lora_layers=24
2026-04-12 14:53:12,420 | INFO | gradient_collector | Gradient collection progress | batch=1/4 | loss=0.6982
2026-04-12 14:53:12,447 | INFO | gradient_collector | Gradient collection progress | batch=2/4 | loss=0.8725
2026-04-12 14:53:12,475 | INFO | gradient_collector | Gradient collection progress | batch=3/4 | loss=0.6982
2026-04-12 14:53:12,503 | INFO | gradient_collector | Gradient collection progress | batch=4/4 | loss=0.8725
2026-04-12 14:53:12,506 | INFO | gradient_collector | Finished gradient collection for 24 layers.
2026-04-12 14:53:12,528 | INFO | DynamicRebaser | GADI-R drift summary at step=120 | max_score=0.4588 | threshold=0.0300
2026-04-12 14:53:12,528 | INFO | DynamicRebaser | GADI-R selected layers at step=120: base_model.model.roberta.encoder.layer.1.attention.self.query, base_model.model.roberta.encoder.layer.0.attention.self.query
2026-04-12 14:53:12,710 | INFO | DynamicRebaser | GADI-R re-based 2 layers at step 120 (count=1): base_model.model.roberta.encoder.layer.1.attention.self.query, base_model.model.roberta.encoder.layer.0.attention.self.query
2026-04-12 14:53:12,710 | INFO | trainer | step=120/230 | train_loss=0.5145
2026-04-12 14:53:12,710 | INFO | trainer | Starting evaluation at step=120...
2026-04-12 14:53:13,047 | INFO | trainer | Completed evaluation at step=120 | eval={'loss': 0.6098890544152727, 'accuracy': 0.6911764705882353}
2026-04-12 14:53:13,348 | INFO | trainer | step=130/230 | train_loss=0.5472
2026-04-12 14:53:13,647 | INFO | trainer | step=140/230 | train_loss=0.6040
2026-04-12 14:53:13,950 | INFO | trainer | step=150/230 | train_loss=0.5629
2026-04-12 14:53:14,252 | INFO | trainer | step=160/230 | train_loss=0.4450
2026-04-12 14:53:14,253 | INFO | trainer | Starting evaluation at step=160...
2026-04-12 14:53:14,590 | INFO | trainer | Completed evaluation at step=160 | eval={'loss': 0.49490660779616413, 'accuracy': 0.7352941176470589}
2026-04-12 14:53:14,890 | INFO | trainer | step=170/230 | train_loss=0.4825
2026-04-12 14:53:15,189 | INFO | trainer | step=180/230 | train_loss=0.4852
2026-04-12 14:53:15,485 | INFO | trainer | step=190/230 | train_loss=0.5755
2026-04-12 14:53:15,784 | INFO | trainer | step=200/230 | train_loss=0.5540
2026-04-12 14:53:15,784 | INFO | trainer | Starting evaluation at step=200...
2026-04-12 14:53:16,120 | INFO | trainer | Completed evaluation at step=200 | eval={'loss': 0.4827086382052478, 'accuracy': 0.7058823529411765}
2026-04-12 14:53:16,419 | INFO | trainer | step=210/230 | train_loss=0.4944
2026-04-12 14:53:16,717 | INFO | trainer | step=220/230 | train_loss=0.4642
2026-04-12 14:53:17,017 | INFO | trainer | step=230/230 | train_loss=0.4534
2026-04-12 14:53:17,017 | INFO | trainer | Starting final evaluation...
2026-04-12 14:53:17,355 | INFO | trainer | final_eval={'loss': 0.3960715649174709, 'accuracy': 0.8186274509803921}
2026-04-12 14:53:17,355 | INFO | trainer | Saving model artifacts to /mnt/workspace/GADI/results/2026-04-12/roberta-base_MRPC_GADI-R多随机种子验证_A10_query_only/gadi_seed_123_145226/模型权重...
2026-04-12 14:53:22,404 | INFO | httpx | HTTP Request: HEAD https://hf-mirror.com/roberta-base/resolve/main/config.json "HTTP/1.1 200 OK"
2026-04-12 14:53:23,966 | INFO | httpx | HTTP Request: HEAD https://hf-mirror.com/roberta-base/resolve/main/config.json "HTTP/1.1 200 OK"
2026-04-12 14:53:23,995 | INFO | trainer | Saved model artifacts to /mnt/workspace/GADI/results/2026-04-12/roberta-base_MRPC_GADI-R多随机种子验证_A10_query_only/gadi_seed_123_145226/模型权重
2026-04-12 14:53:23,997 | INFO | gadir_seed_validation | Finished seed=123 | reused=False | final_accuracy=0.818627 | final_loss=0.396072
2026-04-12 14:53:23,999 | INFO | gadir_seed_validation | Running GADI-R fixed-config seed=3407
2026-04-12 14:53:24,002 | INFO | trainer | Preparing run | method=gadi_r | seed=3407 | model=roberta-base | dataset=glue/mrpc
2026-04-12 14:53:24,002 | INFO | trainer | Loading model and tokenizer...
2026-04-12 14:53:25,751 | INFO | httpx | HTTP Request: HEAD https://hf-mirror.com/roberta-base/resolve/main/config.json "HTTP/1.1 200 OK"
2026-04-12 14:53:27,452 | INFO | httpx | HTTP Request: HEAD https://hf-mirror.com/roberta-base/resolve/main/tokenizer_config.json "HTTP/1.1 200 OK"
2026-04-12 14:53:29,021 | INFO | httpx | HTTP Request: GET https://hf-mirror.com/api/models/roberta-base/tree/main/additional_chat_templates?recursive=false&expand=false "HTTP/1.1 307 Temporary Redirect"
2026-04-12 14:53:30,376 | INFO | httpx | HTTP Request: GET https://hf-mirror.com/api/models/FacebookAI/roberta-base/tree/main/additional_chat_templates?recursive=false&expand=false "HTTP/1.1 404 Not Found"
2026-04-12 14:53:31,855 | INFO | httpx | HTTP Request: GET https://hf-mirror.com/api/models/roberta-base/tree/main?recursive=true&expand=false "HTTP/1.1 307 Temporary Redirect"
2026-04-12 14:53:33,967 | INFO | httpx | HTTP Request: GET https://hf-mirror.com/api/models/FacebookAI/roberta-base/tree/main?recursive=true&expand=false "HTTP/1.1 200 OK"
2026-04-12 14:53:39,334 | INFO | httpx | HTTP Request: HEAD https://hf-mirror.com/roberta-base/resolve/main/config.json "HTTP/1.1 200 OK"
2026-04-12 14:53:40,986 | INFO | httpx | HTTP Request: HEAD https://hf-mirror.com/roberta-base/resolve/main/config.json "HTTP/1.1 200 OK"
Loading weights:   0%|                                                                                                                            | 0/197 [00:00<?, ?it/s]Loading weights: 100%|████████████████████████████████████████████████████████████████████████████████████████████████████████████████| 197/197 [00:00<00:00, 9106.09it/s]
[1mRobertaForSequenceClassification LOAD REPORT[0m from: roberta-base
Key                             | Status     | 
--------------------------------+------------+-
roberta.embeddings.position_ids | UNEXPECTED | 
lm_head.dense.bias              | UNEXPECTED | 
lm_head.bias                    | UNEXPECTED | 
lm_head.layer_norm.weight       | UNEXPECTED | 
lm_head.dense.weight            | UNEXPECTED | 
lm_head.layer_norm.bias         | UNEXPECTED | 
classifier.out_proj.weight      | MISSING    | 
classifier.dense.weight         | MISSING    | 
classifier.out_proj.bias        | MISSING    | 
classifier.dense.bias           | MISSING    | 

Notes:
- UNEXPECTED:	can be ignored when loading from different task/architecture; not ok if you expect identical arch.
- MISSING:	those params were newly initialized because missing from the checkpoint. Consider training on your downstream task.
2026-04-12 14:53:41,047 | INFO | trainer | Loaded model. Building datasets and dataloaders...
2026-04-12 14:53:42,991 | INFO | httpx | HTTP Request: HEAD https://hf-mirror.com/datasets/glue/resolve/main/README.md "HTTP/1.1 307 Temporary Redirect"
2026-04-12 14:53:50,140 | INFO | httpx | HTTP Request: HEAD https://hf-mirror.com/datasets/nyu-mll/glue/resolve/main/README.md "HTTP/1.1 307 Temporary Redirect"
2026-04-12 14:53:52,037 | INFO | httpx | HTTP Request: HEAD https://hf-mirror.com/api/resolve-cache/datasets/nyu-mll/glue/bcdcba79d07bc864c1c254ccfcedcce55bcc9a8c/README.md "HTTP/1.1 200 OK"
2026-04-12 14:53:53,611 | INFO | httpx | HTTP Request: HEAD https://hf-mirror.com/datasets/glue/resolve/bcdcba79d07bc864c1c254ccfcedcce55bcc9a8c/glue.py "HTTP/1.1 307 Temporary Redirect"
2026-04-12 14:53:55,105 | INFO | httpx | HTTP Request: HEAD https://hf-mirror.com/datasets/nyu-mll/glue/resolve/bcdcba79d07bc864c1c254ccfcedcce55bcc9a8c/glue.py "HTTP/1.1 404 Not Found"
2026-04-12 14:53:55,865 | INFO | httpx | HTTP Request: HEAD https://s3.amazonaws.com/datasets.huggingface.co/datasets/datasets/glue/glue.py "HTTP/1.1 200 OK"
2026-04-12 14:53:57,908 | INFO | httpx | HTTP Request: HEAD https://hf-mirror.com/datasets/glue/resolve/bcdcba79d07bc864c1c254ccfcedcce55bcc9a8c/.huggingface.yaml "HTTP/1.1 307 Temporary Redirect"
2026-04-12 14:53:59,342 | INFO | httpx | HTTP Request: HEAD https://hf-mirror.com/datasets/nyu-mll/glue/resolve/bcdcba79d07bc864c1c254ccfcedcce55bcc9a8c/.huggingface.yaml "HTTP/1.1 404 Not Found"
2026-04-12 14:54:01,916 | INFO | httpx | HTTP Request: HEAD https://hf-mirror.com/datasets/glue/resolve/bcdcba79d07bc864c1c254ccfcedcce55bcc9a8c/dataset_infos.json "HTTP/1.1 307 Temporary Redirect"
2026-04-12 14:54:03,036 | INFO | httpx | HTTP Request: HEAD https://hf-mirror.com/datasets/nyu-mll/glue/resolve/bcdcba79d07bc864c1c254ccfcedcce55bcc9a8c/dataset_infos.json "HTTP/1.1 404 Not Found"
2026-04-12 14:54:04,288 | INFO | trainer | Data ready | train_batches=230 | eval_batches=7 | calibration_batches=2
trainable params: 887,042 || all params: 125,534,212 || trainable%: 0.7066
2026-04-12 14:54:04,401 | INFO | trainer | Model wrapped with method=gadi_r and moved to device=cuda.
2026-04-12 14:54:04,401 | INFO | trainer | Precision setup | amp_enabled=True | amp_dtype=torch.bfloat16 | allow_tf32=True
2026-04-12 14:54:04,405 | INFO | trainer | Cached 2 calibration batches in host memory.
2026-04-12 14:54:04,405 | INFO | trainer | Initializing method-specific state...
2026-04-12 14:54:04,405 | INFO | GADIRMethod | LoRA-GA initialization started | calibration_batches=1
2026-04-12 14:54:04,407 | INFO | gradient_collector | Collecting gradients | batches=1 | mode=train | lora_layers=24
2026-04-12 14:54:04,436 | INFO | gradient_collector | Gradient collection progress | batch=1/1 | loss=0.7233
2026-04-12 14:54:04,439 | INFO | gradient_collector | Finished gradient collection for 24 layers.
2026-04-12 14:54:04,439 | INFO | GADIRMethod | LoRA-GA initialization collected gradients for 24 layers. Building low-rank factors...
2026-04-12 14:54:04,507 | INFO | GADIRMethod | LoRA-GA initialization progress | updated_layers=1 | latest_layer=base_model.model.roberta.encoder.layer.0.attention.self.query
2026-04-12 14:54:04,712 | INFO | GADIRMethod | LoRA-GA initialization progress | updated_layers=4 | latest_layer=base_model.model.roberta.encoder.layer.1.attention.self.value
2026-04-12 14:54:04,965 | INFO | GADIRMethod | LoRA-GA initialization progress | updated_layers=8 | latest_layer=base_model.model.roberta.encoder.layer.3.attention.self.value
2026-04-12 14:54:05,219 | INFO | GADIRMethod | LoRA-GA initialization progress | updated_layers=12 | latest_layer=base_model.model.roberta.encoder.layer.5.attention.self.value
2026-04-12 14:54:05,473 | INFO | GADIRMethod | LoRA-GA initialization progress | updated_layers=16 | latest_layer=base_model.model.roberta.encoder.layer.7.attention.self.value
2026-04-12 14:54:05,726 | INFO | GADIRMethod | LoRA-GA initialization progress | updated_layers=20 | latest_layer=base_model.model.roberta.encoder.layer.9.attention.self.value
2026-04-12 14:54:06,046 | INFO | GADIRMethod | LoRA-GA initialization progress | updated_layers=24 | latest_layer=base_model.model.roberta.encoder.layer.11.attention.self.value
2026-04-12 14:54:06,047 | INFO | GADIRMethod | LoRA-GA initialization refreshed 24 LoRA layers.
2026-04-12 14:54:06,047 | INFO | trainer | Initialization finished in 1.64 seconds.
2026-04-12 14:54:06,048 | INFO | trainer | Starting training for 230 optimizer steps on device=cuda.
2026-04-12 14:54:06,081 | INFO | trainer | heartbeat step=1/230 | latest_loss=0.6504 | elapsed=0.0s
2026-04-12 14:54:06,361 | INFO | trainer | step=10/230 | train_loss=0.6093
2026-04-12 14:54:06,666 | INFO | trainer | step=20/230 | train_loss=0.6603
2026-04-12 14:54:06,979 | INFO | trainer | step=30/230 | train_loss=0.5880
2026-04-12 14:54:07,291 | INFO | trainer | step=40/230 | train_loss=0.6014
2026-04-12 14:54:07,291 | INFO | trainer | Starting evaluation at step=40...
2026-04-12 14:54:07,627 | INFO | trainer | Completed evaluation at step=40 | eval={'loss': 0.6220272101607978, 'accuracy': 0.6838235294117647}
2026-04-12 14:54:07,929 | INFO | trainer | step=50/230 | train_loss=0.6610
2026-04-12 14:54:08,227 | INFO | trainer | step=60/230 | train_loss=0.6327
2026-04-12 14:54:08,521 | INFO | trainer | step=70/230 | train_loss=0.6134
2026-04-12 14:54:08,817 | INFO | trainer | step=80/230 | train_loss=0.6214
2026-04-12 14:54:08,817 | INFO | trainer | Starting evaluation at step=80...
2026-04-12 14:54:09,156 | INFO | trainer | Completed evaluation at step=80 | eval={'loss': 0.609963221877229, 'accuracy': 0.6838235294117647}
2026-04-12 14:54:09,456 | INFO | trainer | step=90/230 | train_loss=0.6023
2026-04-12 14:54:09,749 | INFO | trainer | step=100/230 | train_loss=0.6071
2026-04-12 14:54:10,049 | INFO | trainer | step=110/230 | train_loss=0.5814
2026-04-12 14:54:10,350 | INFO | DynamicRebaser | GADI-R drift check triggered at step=120 | calibration_batches=4
2026-04-12 14:54:10,352 | INFO | gradient_collector | Collecting gradients | batches=4 | mode=eval | lora_layers=24
2026-04-12 14:54:10,381 | INFO | gradient_collector | Gradient collection progress | batch=1/4 | loss=0.6893
2026-04-12 14:54:10,410 | INFO | gradient_collector | Gradient collection progress | batch=2/4 | loss=0.6281
2026-04-12 14:54:10,438 | INFO | gradient_collector | Gradient collection progress | batch=3/4 | loss=0.6893
2026-04-12 14:54:10,467 | INFO | gradient_collector | Gradient collection progress | batch=4/4 | loss=0.6281
2026-04-12 14:54:10,471 | INFO | gradient_collector | Finished gradient collection for 24 layers.
2026-04-12 14:54:10,492 | INFO | DynamicRebaser | GADI-R drift summary at step=120 | max_score=0.6830 | threshold=0.0300
2026-04-12 14:54:10,492 | INFO | DynamicRebaser | GADI-R selected layers at step=120: base_model.model.roberta.encoder.layer.0.attention.self.query, base_model.model.roberta.encoder.layer.1.attention.self.query
2026-04-12 14:54:10,670 | INFO | DynamicRebaser | GADI-R re-based 2 layers at step 120 (count=1): base_model.model.roberta.encoder.layer.0.attention.self.query, base_model.model.roberta.encoder.layer.1.attention.self.query
2026-04-12 14:54:10,670 | INFO | trainer | step=120/230 | train_loss=0.5824
2026-04-12 14:54:10,670 | INFO | trainer | Starting evaluation at step=120...
2026-04-12 14:54:11,010 | INFO | trainer | Completed evaluation at step=120 | eval={'loss': 0.5382742957741606, 'accuracy': 0.7083333333333334}
2026-04-12 14:54:11,331 | INFO | trainer | step=130/230 | train_loss=0.6171
2026-04-12 14:54:11,630 | INFO | trainer | step=140/230 | train_loss=0.6498
2026-04-12 14:54:11,927 | INFO | trainer | step=150/230 | train_loss=0.5856
2026-04-12 14:54:12,225 | INFO | trainer | step=160/230 | train_loss=0.6048
2026-04-12 14:54:12,226 | INFO | trainer | Starting evaluation at step=160...
2026-04-12 14:54:12,564 | INFO | trainer | Completed evaluation at step=160 | eval={'loss': 0.5448519581673192, 'accuracy': 0.7034313725490197}
2026-04-12 14:54:12,868 | INFO | trainer | step=170/230 | train_loss=0.6042
2026-04-12 14:54:13,166 | INFO | trainer | step=180/230 | train_loss=0.4757
2026-04-12 14:54:13,464 | INFO | trainer | step=190/230 | train_loss=0.5360
2026-04-12 14:54:13,758 | INFO | trainer | step=200/230 | train_loss=0.5082
2026-04-12 14:54:13,758 | INFO | trainer | Starting evaluation at step=200...
2026-04-12 14:54:14,096 | INFO | trainer | Completed evaluation at step=200 | eval={'loss': 0.4771498377416648, 'accuracy': 0.75}
2026-04-12 14:54:14,400 | INFO | trainer | step=210/230 | train_loss=0.4939
2026-04-12 14:54:14,703 | INFO | trainer | step=220/230 | train_loss=0.4367
2026-04-12 14:54:14,997 | INFO | trainer | step=230/230 | train_loss=0.4343
2026-04-12 14:54:14,997 | INFO | trainer | Starting final evaluation...
2026-04-12 14:54:15,336 | INFO | trainer | final_eval={'loss': 0.4514588170191821, 'accuracy': 0.7696078431372549}
2026-04-12 14:54:15,336 | INFO | trainer | Saving model artifacts to /mnt/workspace/GADI/results/2026-04-12/roberta-base_MRPC_GADI-R多随机种子验证_A10_query_only/gadi_seed_3407_145324/模型权重...
2026-04-12 14:54:16,015 | INFO | httpx | HTTP Request: HEAD https://hf-mirror.com/roberta-base/resolve/main/config.json "HTTP/1.1 200 OK"
2026-04-12 14:54:16,777 | INFO | httpx | HTTP Request: HEAD https://hf-mirror.com/roberta-base/resolve/main/config.json "HTTP/1.1 200 OK"
2026-04-12 14:54:16,807 | INFO | trainer | Saved model artifacts to /mnt/workspace/GADI/results/2026-04-12/roberta-base_MRPC_GADI-R多随机种子验证_A10_query_only/gadi_seed_3407_145324/模型权重
2026-04-12 14:54:16,820 | INFO | gadir_seed_validation | Finished seed=3407 | reused=False | final_accuracy=0.769608 | final_loss=0.451459
2026-04-12 14:54:16,823 | INFO | gadir_seed_validation | Running GADI-R fixed-config seed=2026
2026-04-12 14:54:16,826 | INFO | trainer | Preparing run | method=gadi_r | seed=2026 | model=roberta-base | dataset=glue/mrpc
2026-04-12 14:54:16,826 | INFO | trainer | Loading model and tokenizer...
2026-04-12 14:54:20,262 | INFO | httpx | HTTP Request: HEAD https://hf-mirror.com/roberta-base/resolve/main/config.json "HTTP/1.1 200 OK"
2026-04-12 14:54:20,670 | INFO | httpx | HTTP Request: HEAD https://hf-mirror.com/roberta-base/resolve/main/tokenizer_config.json "HTTP/1.1 200 OK"
2026-04-12 14:54:20,867 | INFO | httpx | HTTP Request: GET https://hf-mirror.com/api/models/roberta-base/tree/main/additional_chat_templates?recursive=false&expand=false "HTTP/1.1 307 Temporary Redirect"
2026-04-12 14:54:21,060 | INFO | httpx | HTTP Request: GET https://hf-mirror.com/api/models/FacebookAI/roberta-base/tree/main/additional_chat_templates?recursive=false&expand=false "HTTP/1.1 404 Not Found"
2026-04-12 14:54:21,259 | INFO | httpx | HTTP Request: GET https://hf-mirror.com/api/models/roberta-base/tree/main?recursive=true&expand=false "HTTP/1.1 307 Temporary Redirect"
2026-04-12 14:54:21,678 | INFO | httpx | HTTP Request: GET https://hf-mirror.com/api/models/FacebookAI/roberta-base/tree/main?recursive=true&expand=false "HTTP/1.1 200 OK"
2026-04-12 14:54:22,253 | INFO | httpx | HTTP Request: HEAD https://hf-mirror.com/roberta-base/resolve/main/config.json "HTTP/1.1 200 OK"
2026-04-12 14:54:22,650 | INFO | httpx | HTTP Request: HEAD https://hf-mirror.com/roberta-base/resolve/main/config.json "HTTP/1.1 200 OK"
Loading weights:   0%|                                                                                                                            | 0/197 [00:00<?, ?it/s]Loading weights: 100%|████████████████████████████████████████████████████████████████████████████████████████████████████████████████| 197/197 [00:00<00:00, 9185.76it/s]
[1mRobertaForSequenceClassification LOAD REPORT[0m from: roberta-base
Key                             | Status     | 
--------------------------------+------------+-
roberta.embeddings.position_ids | UNEXPECTED | 
lm_head.dense.bias              | UNEXPECTED | 
lm_head.bias                    | UNEXPECTED | 
lm_head.layer_norm.weight       | UNEXPECTED | 
lm_head.dense.weight            | UNEXPECTED | 
lm_head.layer_norm.bias         | UNEXPECTED | 
classifier.out_proj.weight      | MISSING    | 
classifier.dense.weight         | MISSING    | 
classifier.out_proj.bias        | MISSING    | 
classifier.dense.bias           | MISSING    | 

Notes:
- UNEXPECTED:	can be ignored when loading from different task/architecture; not ok if you expect identical arch.
- MISSING:	those params were newly initialized because missing from the checkpoint. Consider training on your downstream task.
2026-04-12 14:54:22,711 | INFO | trainer | Loaded model. Building datasets and dataloaders...
2026-04-12 14:54:23,092 | INFO | httpx | HTTP Request: HEAD https://hf-mirror.com/datasets/glue/resolve/main/README.md "HTTP/1.1 307 Temporary Redirect"
2026-04-12 14:54:23,445 | INFO | httpx | HTTP Request: HEAD https://hf-mirror.com/datasets/nyu-mll/glue/resolve/main/README.md "HTTP/1.1 307 Temporary Redirect"
2026-04-12 14:54:23,726 | INFO | httpx | HTTP Request: HEAD https://hf-mirror.com/api/resolve-cache/datasets/nyu-mll/glue/bcdcba79d07bc864c1c254ccfcedcce55bcc9a8c/README.md "HTTP/1.1 200 OK"
2026-04-12 14:54:24,142 | INFO | httpx | HTTP Request: HEAD https://hf-mirror.com/datasets/glue/resolve/bcdcba79d07bc864c1c254ccfcedcce55bcc9a8c/glue.py "HTTP/1.1 307 Temporary Redirect"
2026-04-12 14:54:24,481 | INFO | httpx | HTTP Request: HEAD https://hf-mirror.com/datasets/nyu-mll/glue/resolve/bcdcba79d07bc864c1c254ccfcedcce55bcc9a8c/glue.py "HTTP/1.1 404 Not Found"
2026-04-12 14:54:26,464 | INFO | httpx | HTTP Request: HEAD https://s3.amazonaws.com/datasets.huggingface.co/datasets/datasets/glue/glue.py "HTTP/1.1 200 OK"
2026-04-12 14:54:26,860 | INFO | httpx | HTTP Request: HEAD https://hf-mirror.com/datasets/glue/resolve/bcdcba79d07bc864c1c254ccfcedcce55bcc9a8c/.huggingface.yaml "HTTP/1.1 307 Temporary Redirect"
2026-04-12 14:54:27,640 | INFO | httpx | HTTP Request: HEAD https://hf-mirror.com/datasets/nyu-mll/glue/resolve/bcdcba79d07bc864c1c254ccfcedcce55bcc9a8c/.huggingface.yaml "HTTP/1.1 404 Not Found"
2026-04-12 14:54:28,339 | INFO | httpx | HTTP Request: HEAD https://hf-mirror.com/datasets/glue/resolve/bcdcba79d07bc864c1c254ccfcedcce55bcc9a8c/dataset_infos.json "HTTP/1.1 307 Temporary Redirect"
2026-04-12 14:54:28,722 | INFO | httpx | HTTP Request: HEAD https://hf-mirror.com/datasets/nyu-mll/glue/resolve/bcdcba79d07bc864c1c254ccfcedcce55bcc9a8c/dataset_infos.json "HTTP/1.1 404 Not Found"
2026-04-12 14:54:29,987 | INFO | trainer | Data ready | train_batches=230 | eval_batches=7 | calibration_batches=2
trainable params: 887,042 || all params: 125,534,212 || trainable%: 0.7066
2026-04-12 14:54:30,100 | INFO | trainer | Model wrapped with method=gadi_r and moved to device=cuda.
2026-04-12 14:54:30,100 | INFO | trainer | Precision setup | amp_enabled=True | amp_dtype=torch.bfloat16 | allow_tf32=True
2026-04-12 14:54:30,104 | INFO | trainer | Cached 2 calibration batches in host memory.
2026-04-12 14:54:30,104 | INFO | trainer | Initializing method-specific state...
2026-04-12 14:54:30,104 | INFO | GADIRMethod | LoRA-GA initialization started | calibration_batches=1
2026-04-12 14:54:30,106 | INFO | gradient_collector | Collecting gradients | batches=1 | mode=train | lora_layers=24
2026-04-12 14:54:30,135 | INFO | gradient_collector | Gradient collection progress | batch=1/1 | loss=0.6837
2026-04-12 14:54:30,138 | INFO | gradient_collector | Finished gradient collection for 24 layers.
2026-04-12 14:54:30,138 | INFO | GADIRMethod | LoRA-GA initialization collected gradients for 24 layers. Building low-rank factors...
2026-04-12 14:54:30,214 | INFO | GADIRMethod | LoRA-GA initialization progress | updated_layers=1 | latest_layer=base_model.model.roberta.encoder.layer.0.attention.self.query
2026-04-12 14:54:30,436 | INFO | GADIRMethod | LoRA-GA initialization progress | updated_layers=4 | latest_layer=base_model.model.roberta.encoder.layer.1.attention.self.value
2026-04-12 14:54:30,687 | INFO | GADIRMethod | LoRA-GA initialization progress | updated_layers=8 | latest_layer=base_model.model.roberta.encoder.layer.3.attention.self.value
2026-04-12 14:54:30,938 | INFO | GADIRMethod | LoRA-GA initialization progress | updated_layers=12 | latest_layer=base_model.model.roberta.encoder.layer.5.attention.self.value
2026-04-12 14:54:31,193 | INFO | GADIRMethod | LoRA-GA initialization progress | updated_layers=16 | latest_layer=base_model.model.roberta.encoder.layer.7.attention.self.value
2026-04-12 14:54:31,444 | INFO | GADIRMethod | LoRA-GA initialization progress | updated_layers=20 | latest_layer=base_model.model.roberta.encoder.layer.9.attention.self.value
2026-04-12 14:54:31,751 | INFO | GADIRMethod | LoRA-GA initialization progress | updated_layers=24 | latest_layer=base_model.model.roberta.encoder.layer.11.attention.self.value
2026-04-12 14:54:31,751 | INFO | GADIRMethod | LoRA-GA initialization refreshed 24 LoRA layers.
2026-04-12 14:54:31,751 | INFO | trainer | Initialization finished in 1.65 seconds.
2026-04-12 14:54:31,752 | INFO | trainer | Starting training for 230 optimizer steps on device=cuda.
2026-04-12 14:54:31,786 | INFO | trainer | heartbeat step=1/230 | latest_loss=0.6941 | elapsed=0.0s
2026-04-12 14:54:32,065 | INFO | trainer | step=10/230 | train_loss=0.6450
2026-04-12 14:54:32,388 | INFO | trainer | step=20/230 | train_loss=0.6034
2026-04-12 14:54:32,700 | INFO | trainer | step=30/230 | train_loss=0.6345
2026-04-12 14:54:33,018 | INFO | trainer | step=40/230 | train_loss=0.6053
2026-04-12 14:54:33,018 | INFO | trainer | Starting evaluation at step=40...
2026-04-12 14:54:33,357 | INFO | trainer | Completed evaluation at step=40 | eval={'loss': 0.6186179916063944, 'accuracy': 0.6838235294117647}
2026-04-12 14:54:33,659 | INFO | trainer | step=50/230 | train_loss=0.6447
2026-04-12 14:54:33,966 | INFO | trainer | step=60/230 | train_loss=0.6408
2026-04-12 14:54:34,267 | INFO | trainer | step=70/230 | train_loss=0.5998
2026-04-12 14:54:34,582 | INFO | trainer | step=80/230 | train_loss=0.6327
2026-04-12 14:54:34,582 | INFO | trainer | Starting evaluation at step=80...
2026-04-12 14:54:34,923 | INFO | trainer | Completed evaluation at step=80 | eval={'loss': 0.6054372378424102, 'accuracy': 0.6838235294117647}
2026-04-12 14:54:35,221 | INFO | trainer | step=90/230 | train_loss=0.5968
2026-04-12 14:54:35,525 | INFO | trainer | step=100/230 | train_loss=0.5532
2026-04-12 14:54:35,820 | INFO | trainer | step=110/230 | train_loss=0.6179
2026-04-12 14:54:36,115 | INFO | DynamicRebaser | GADI-R drift check triggered at step=120 | calibration_batches=4
2026-04-12 14:54:36,117 | INFO | gradient_collector | Collecting gradients | batches=4 | mode=eval | lora_layers=24
2026-04-12 14:54:36,145 | INFO | gradient_collector | Gradient collection progress | batch=1/4 | loss=0.6326
2026-04-12 14:54:36,174 | INFO | gradient_collector | Gradient collection progress | batch=2/4 | loss=0.6797
2026-04-12 14:54:36,203 | INFO | gradient_collector | Gradient collection progress | batch=3/4 | loss=0.6326
2026-04-12 14:54:36,232 | INFO | gradient_collector | Gradient collection progress | batch=4/4 | loss=0.6797
2026-04-12 14:54:36,235 | INFO | gradient_collector | Finished gradient collection for 24 layers.
2026-04-12 14:54:36,256 | INFO | DynamicRebaser | GADI-R drift summary at step=120 | max_score=0.6457 | threshold=0.0300
2026-04-12 14:54:36,257 | INFO | DynamicRebaser | GADI-R selected layers at step=120: base_model.model.roberta.encoder.layer.0.attention.self.query, base_model.model.roberta.encoder.layer.10.attention.self.query
2026-04-12 14:54:36,428 | INFO | DynamicRebaser | GADI-R re-based 2 layers at step 120 (count=1): base_model.model.roberta.encoder.layer.0.attention.self.query, base_model.model.roberta.encoder.layer.10.attention.self.query
2026-04-12 14:54:36,428 | INFO | trainer | step=120/230 | train_loss=0.5941
2026-04-12 14:54:36,428 | INFO | trainer | Starting evaluation at step=120...
2026-04-12 14:54:36,769 | INFO | trainer | Completed evaluation at step=120 | eval={'loss': 0.5623188486286238, 'accuracy': 0.7132352941176471}
2026-04-12 14:54:37,080 | INFO | trainer | step=130/230 | train_loss=0.5849
2026-04-12 14:54:37,371 | INFO | trainer | step=140/230 | train_loss=0.6091
2026-04-12 14:54:37,670 | INFO | trainer | step=150/230 | train_loss=0.5432
2026-04-12 14:54:37,970 | INFO | trainer | step=160/230 | train_loss=0.5868
2026-04-12 14:54:37,970 | INFO | trainer | Starting evaluation at step=160...
2026-04-12 14:54:38,310 | INFO | trainer | Completed evaluation at step=160 | eval={'loss': 0.5011742167613086, 'accuracy': 0.7573529411764706}
2026-04-12 14:54:38,607 | INFO | trainer | step=170/230 | train_loss=0.4825
2026-04-12 14:54:38,927 | INFO | trainer | step=180/230 | train_loss=0.5483
2026-04-12 14:54:39,221 | INFO | trainer | step=190/230 | train_loss=0.5690
2026-04-12 14:54:39,527 | INFO | trainer | step=200/230 | train_loss=0.4608
2026-04-12 14:54:39,527 | INFO | trainer | Starting evaluation at step=200...
2026-04-12 14:54:39,869 | INFO | trainer | Completed evaluation at step=200 | eval={'loss': 0.4557419915994008, 'accuracy': 0.7794117647058824}
2026-04-12 14:54:40,170 | INFO | trainer | step=210/230 | train_loss=0.4487
2026-04-12 14:54:40,469 | INFO | trainer | step=220/230 | train_loss=0.4798
2026-04-12 14:54:40,770 | INFO | trainer | step=230/230 | train_loss=0.4226
2026-04-12 14:54:40,770 | INFO | trainer | Starting final evaluation...
2026-04-12 14:54:41,110 | INFO | trainer | final_eval={'loss': 0.5063728132084304, 'accuracy': 0.7696078431372549}
2026-04-12 14:54:41,110 | INFO | trainer | Saving model artifacts to /mnt/workspace/GADI/results/2026-04-12/roberta-base_MRPC_GADI-R多随机种子验证_A10_query_only/gadi_seed_2026_145416/模型权重...
2026-04-12 14:54:43,345 | INFO | httpx | HTTP Request: HEAD https://hf-mirror.com/roberta-base/resolve/main/config.json "HTTP/1.1 200 OK"
2026-04-12 14:54:43,733 | INFO | httpx | HTTP Request: HEAD https://hf-mirror.com/roberta-base/resolve/main/config.json "HTTP/1.1 200 OK"
2026-04-12 14:54:43,763 | INFO | trainer | Saved model artifacts to /mnt/workspace/GADI/results/2026-04-12/roberta-base_MRPC_GADI-R多随机种子验证_A10_query_only/gadi_seed_2026_145416/模型权重
2026-04-12 14:54:43,765 | INFO | gadir_seed_validation | Finished seed=2026 | reused=False | final_accuracy=0.769608 | final_loss=0.506373
2026-04-12 14:54:43,765 | INFO | gadir_seed_validation | Finished GADI-R multi-seed validation. Summary directory: /mnt/workspace/GADI/results/2026-04-12/roberta-base_MRPC_GADI-R多随机种子验证_A10_query_only
